// Jest Snapshot v1, https://goo.gl/fbAQLP

exports[`renders the commits correctly 1`] = `
<div
  className="card-panel"
>
  <ol
    className="list-group"
  />
  <button
    className="btn btn-primary"
    onClick={[Function]}
  >
    Get Last Commits
  </button>
</div>
`;
