// Jest Snapshot v1, https://goo.gl/fbAQLP

exports[`CommitList renders properly  1`] = `
<ol
  className="list-group"
>
  <li
    className="list-group-item list-group-item-action"
  >
    Add login form
  </li>
</ol>
`;
